2026-05-03 00:06:52,266 INFO sqlalchemy.engine.Engine BEGIN (implicit)
2026-05-03 00:06:52,268 INFO sqlalchemy.engine.Engine PRAGMA main.table_info("users")
2026-05-03 00:06:52,269 INFO sqlalchemy.engine.Engine [raw sql] ()
2026-05-03 00:06:52,270 INFO sqlalchemy.engine.Engine PRAGMA main.table_info("class_groups")
2026-05-03 00:06:52,270 INFO sqlalchemy.engine.Engine [raw sql] ()
2026-05-03 00:06:52,271 INFO sqlalchemy.engine.Engine PRAGMA main.table_info("class_group_students")
2026-05-03 00:06:52,271 INFO sqlalchemy.engine.Engine [raw sql] ()
2026-05-03 00:06:52,272 INFO sqlalchemy.engine.Engine PRAGMA main.table_info("class_group_courses")
2026-05-03 00:06:52,272 INFO sqlalchemy.engine.Engine [raw sql] ()
2026-05-03 00:06:52,273 INFO sqlalchemy.engine.Engine PRAGMA main.table_info("student_profiles")
2026-05-03 00:06:52,273 INFO sqlalchemy.engine.Engine [raw sql] ()
2026-05-03 00:06:52,273 INFO sqlalchemy.engine.Engine PRAGMA main.table_info("profile_dialog_sessions")
2026-05-03 00:06:52,274 INFO sqlalchemy.engine.Engine [raw sql] ()
2026-05-03 00:06:52,274 INFO sqlalchemy.engine.Engine PRAGMA main.table_info("learning_paths")
2026-05-03 00:06:52,274 INFO sqlalchemy.engine.Engine [raw sql] ()
2026-05-03 00:06:52,274 INFO sqlalchemy.engine.Engine PRAGMA main.table_info("learning_path_nodes")
2026-05-03 00:06:52,274 INFO sqlalchemy.engine.Engine [raw sql] ()
2026-05-03 00:06:52,275 INFO sqlalchemy.engine.Engine PRAGMA main.table_info("resource_recommendations")
2026-05-03 00:06:52,275 INFO sqlalchemy.engine.Engine [raw sql] ()
2026-05-03 00:06:52,275 INFO sqlalchemy.engine.Engine PRAGMA main.table_info("learning_plans")
2026-05-03 00:06:52,275 INFO sqlalchemy.engine.Engine [raw sql] ()
2026-05-03 00:06:52,276 INFO sqlalchemy.engine.Engine PRAGMA main.table_info("courses")
2026-05-03 00:06:52,276 INFO sqlalchemy.engine.Engine [raw sql] ()
2026-05-03 00:06:52,276 INFO sqlalchemy.engine.Engine PRAGMA main.table_info("teaching_contents")
2026-05-03 00:06:52,276 INFO sqlalchemy.engine.Engine [raw sql] ()
2026-05-03 00:06:52,277 INFO sqlalchemy.engine.Engine PRAGMA main.table_info("assessments")
2026-05-03 00:06:52,277 INFO sqlalchemy.engine.Engine [raw sql] ()
2026-05-03 00:06:52,277 INFO sqlalchemy.engine.Engine PRAGMA main.table_info("learning_progress")
2026-05-03 00:06:52,277 INFO sqlalchemy.engine.Engine [raw sql] ()
2026-05-03 00:06:52,278 INFO sqlalchemy.engine.Engine PRAGMA main.table_info("practice_evaluations")
2026-05-03 00:06:52,278 INFO sqlalchemy.engine.Engine [raw sql] ()
2026-05-03 00:06:52,278 INFO sqlalchemy.engine.Engine PRAGMA main.table_info("programming_submissions")
2026-05-03 00:06:52,278 INFO sqlalchemy.engine.Engine [raw sql] ()
2026-05-03 00:06:52,279 INFO sqlalchemy.engine.Engine PRAGMA main.table_info("video_lessons")
2026-05-03 00:06:52,279 INFO sqlalchemy.engine.Engine [raw sql] ()
2026-05-03 00:06:52,279 INFO sqlalchemy.engine.Engine PRAGMA main.table_info("video_progress")
2026-05-03 00:06:52,279 INFO sqlalchemy.engine.Engine [raw sql] ()
2026-05-03 00:06:52,279 INFO sqlalchemy.engine.Engine PRAGMA main.table_info("course_questions")
2026-05-03 00:06:52,280 INFO sqlalchemy.engine.Engine [raw sql] ()
2026-05-03 00:06:52,280 INFO sqlalchemy.engine.Engine PRAGMA main.table_info("question_answers")
2026-05-03 00:06:52,280 INFO sqlalchemy.engine.Engine [raw sql] ()
2026-05-03 00:06:52,281 INFO sqlalchemy.engine.Engine PRAGMA main.table_info("course_discussions")
2026-05-03 00:06:52,281 INFO sqlalchemy.engine.Engine [raw sql] ()
2026-05-03 00:06:52,281 INFO sqlalchemy.engine.Engine PRAGMA main.table_info("hand_raises")
2026-05-03 00:06:52,281 INFO sqlalchemy.engine.Engine [raw sql] ()
2026-05-03 00:06:52,282 INFO sqlalchemy.engine.Engine PRAGMA main.table_info("study_notes")
2026-05-03 00:06:52,282 INFO sqlalchemy.engine.Engine [raw sql] ()
2026-05-03 00:06:52,282 INFO sqlalchemy.engine.Engine PRAGMA main.table_info("content_bookmarks")
2026-05-03 00:06:52,282 INFO sqlalchemy.engine.Engine [raw sql] ()
2026-05-03 00:06:52,282 INFO sqlalchemy.engine.Engine PRAGMA main.table_info("mistake_records")
2026-05-03 00:06:52,283 INFO sqlalchemy.engine.Engine [raw sql] ()
2026-05-03 00:06:52,283 INFO sqlalchemy.engine.Engine PRAGMA main.table_info("achievements")
2026-05-03 00:06:52,284 INFO sqlalchemy.engine.Engine [raw sql] ()
2026-05-03 00:06:52,284 INFO sqlalchemy.engine.Engine PRAGMA main.table_info("user_achievements")
2026-05-03 00:06:52,284 INFO sqlalchemy.engine.Engine [raw sql] ()
2026-05-03 00:06:52,285 INFO sqlalchemy.engine.Engine PRAGMA main.table_info("course_generation_configs")
2026-05-03 00:06:52,285 INFO sqlalchemy.engine.Engine [raw sql] ()
2026-05-03 00:06:52,285 INFO sqlalchemy.engine.Engine PRAGMA main.table_info("course_generation_versions")
2026-05-03 00:06:52,286 INFO sqlalchemy.engine.Engine [raw sql] ()
2026-05-03 00:06:52,286 INFO sqlalchemy.engine.Engine PRAGMA main.table_info("course_reviews")
2026-05-03 00:06:52,286 INFO sqlalchemy.engine.Engine [raw sql] ()
2026-05-03 00:06:52,286 INFO sqlalchemy.engine.Engine PRAGMA main.table_info("ai_feedbacks")
2026-05-03 00:06:52,286 INFO sqlalchemy.engine.Engine [raw sql] ()
2026-05-03 00:06:52,287 INFO sqlalchemy.engine.Engine PRAGMA main.table_info("conversations")
2026-05-03 00:06:52,287 INFO sqlalchemy.engine.Engine [raw sql] ()
2026-05-03 00:06:52,287 INFO sqlalchemy.engine.Engine PRAGMA main.table_info("conversation_messages")
2026-05-03 00:06:52,287 INFO sqlalchemy.engine.Engine [raw sql] ()
2026-05-03 00:06:52,288 INFO sqlalchemy.engine.Engine PRAGMA main.table_info("conversation_contexts")
2026-05-03 00:06:52,288 INFO sqlalchemy.engine.Engine [raw sql] ()
2026-05-03 00:06:52,288 INFO sqlalchemy.engine.Engine PRAGMA main.table_info("conversation_archives")
2026-05-03 00:06:52,288 INFO sqlalchemy.engine.Engine [raw sql] ()
2026-05-03 00:06:52,289 INFO sqlalchemy.engine.Engine PRAGMA main.table_info("search_logs")
2026-05-03 00:06:52,289 INFO sqlalchemy.engine.Engine [raw sql] ()
2026-05-03 00:06:52,289 INFO sqlalchemy.engine.Engine PRAGMA main.table_info("search_suggestions")
2026-05-03 00:06:52,290 INFO sqlalchemy.engine.Engine [raw sql] ()
2026-05-03 00:06:52,290 INFO sqlalchemy.engine.Engine PRAGMA main.table_info("user_search_history")
2026-05-03 00:06:52,290 INFO sqlalchemy.engine.Engine [raw sql] ()
2026-05-03 00:06:52,290 INFO sqlalchemy.engine.Engine COMMIT
[DB Migration] 数据库 Schema 已是最新，无需迁移
2026-05-03 00:06:52,357 INFO sqlalchemy.engine.Engine BEGIN (implicit)
2026-05-03 00:06:52,359 INFO sqlalchemy.engine.Engine SELECT users.id AS users_id, users.username AS users_username, users.email AS users_email, users.password_hash AS users_password_hash, users.role AS users_role, users.real_name AS users_real_name, users.avatar AS users_avatar, users.learning_goal AS users_learning_goal, users.ai_style AS users_ai_style, users.created_at AS users_created_at, users.updated_at AS users_updated_at 
FROM users 
WHERE users.username = ?
 LIMIT ? OFFSET ?
2026-05-03 00:06:52,359 INFO sqlalchemy.engine.Engine [generated in 0.00039s] ('admin', 1, 0)
2026-05-03 00:06:52,360 INFO sqlalchemy.engine.Engine ROLLBACK
 * Serving Flask app 'src.main'
 * Debug mode: off
